
> site-promo-brindes@1.0.0 lint
> eslint .


> site-promo-brindes@1.0.0 typecheck
> tsc -b --pretty false


> site-promo-brindes@1.0.0 test
> vitest run


 RUN  v5.0.1 /tmp/promo-brindes-v1-audit-bcGnQi


 Test Files  41 passed (41)
      Tests  247 passed (247)
   Start at  13:05:33
   Duration  3.67s (environment 75%, transform 12%, setup 8%, tests 3%, import 2%, worker 1%)

Environment  jsdom was created 41 times · 49.29s total, 75% of tracked time
             create it once per worker with pool: 'vmThreads' (keeps per-file isolation) or isolate: false (shares it across files)
             learn more: https://vitest.dev/guide/improving-performance#test-environments


> site-promo-brindes@1.0.0 ledger:check
> node scripts/validate-closure-ledger.mjs

Ledger de fechamento válido: 230 referências, 230 IDs únicos.

> site-promo-brindes@1.0.0 build
> tsc -b && vite build

vite v8.3.0 building client environment for production...
transforming...
✓ 2004 modules transformed.
rendering chunks...
computing gzip size...
dist/index.html                                              1.88 kB │ gzip:  0.69 kB
dist/assets/space-grotesk-latin-700-normal-RjhwGPKo.woff2   12.84 kB
dist/assets/space-grotesk-latin-600-normal-DjKNqYRj.woff2   13.28 kB
dist/assets/space-grotesk-latin-500-normal-lFbtlQH6.woff2   13.31 kB
dist/assets/HomePage-HJjc2GCF.css                            3.13 kB │ gzip:  0.98 kB
dist/assets/index-B82EvcGC.css                             158.10 kB │ gzip: 29.72 kB
dist/assets/chevron-right-yFfSZAH_.js                        0.17 kB │ gzip:  0.16 kB
dist/assets/arrow-left-C9DUNzhn.js                           0.20 kB │ gzip:  0.18 kB
dist/assets/clock-3-D75OIbU-.js                              0.20 kB │ gzip:  0.19 kB
dist/assets/circle-check-DDcqEHNb.js                         0.25 kB │ gzip:  0.21 kB
dist/assets/mail-Cves8Wty.js                                 0.25 kB │ gzip:  0.22 kB
dist/assets/download-CXHfxnkM.js                             0.27 kB │ gzip:  0.22 kB
dist/assets/book-open-BvoCdmgG.js                            0.32 kB │ gzip:  0.24 kB
dist/assets/send-DjyaJEqT.js                                 0.33 kB │ gzip:  0.25 kB
dist/assets/shield-check-BDMM1qIJ.js                         0.36 kB │ gzip:  0.27 kB
dist/assets/refresh-cw-CWly7b6r.js                           0.36 kB │ gzip:  0.25 kB
dist/assets/gift-CFPZf9mx.js                                 0.38 kB │ gzip:  0.27 kB
dist/assets/message-circle-more-CDnJ7t2q.js                  0.40 kB │ gzip:  0.27 kB
dist/assets/sliders-horizontal-uJdqHRv3.js                   0.46 kB │ gzip:  0.26 kB
dist/assets/heart-handshake-be24jHiw.js                      0.49 kB │ gzip:  0.32 kB
dist/assets/package-search-DmxZdxik.js                       0.51 kB │ gzip:  0.33 kB
dist/assets/calendar-days-C9zo8bVU.js                        0.53 kB │ gzip:  0.29 kB
dist/assets/palette-krqYOI6P.js                              0.55 kB │ gzip:  0.30 kB
dist/assets/sparkles-By_3Uhs5.js                             0.55 kB │ gzip:  0.32 kB
dist/assets/package-open-BNrYqO2B.js                         0.61 kB │ gzip:  0.36 kB
dist/assets/NotFoundPage-CRWIkF1G.js                         0.68 kB │ gzip:  0.42 kB
dist/assets/eye-CS2VkPb9.js                                  0.69 kB │ gzip:  0.37 kB
dist/assets/quoteRepeat-BJ8ue0sR.js                          0.74 kB │ gzip:  0.41 kB
dist/assets/CustomerRoute-DrJef5El.js                        1.01 kB │ gzip:  0.53 kB
dist/assets/AuthConfirmPage-ulnJHNbi.js                      1.29 kB │ gzip:  0.74 kB
dist/assets/Seo-ngIaxQHb.js                                  1.45 kB │ gzip:  0.76 kB
dist/assets/quoteRequest-8hEJikYa.js                         1.79 kB │ gzip:  1.01 kB
dist/assets/personalDataReset-C91xMVQ8.js                    1.87 kB │ gzip:  0.82 kB
dist/assets/customerAccount-abhDs7mG.js                      2.28 kB │ gzip:  1.06 kB
dist/assets/SetPasswordPage-DC36DhiA.js                      2.38 kB │ gzip:  0.95 kB
dist/assets/ContactPage-D-Ct_zJf.js                          3.52 kB │ gzip:  1.36 kB
dist/assets/campaignPresets-C_gdcLGx.js                      3.54 kB │ gzip:  1.48 kB
dist/assets/ContextualFaq-C2PZCY3K.js                        3.65 kB │ gzip:  1.60 kB
dist/assets/search-BI9HvCHf.js                               4.02 kB │ gzip:  1.70 kB
dist/assets/http-BoI6TI2d.js                                 4.04 kB │ gzip:  1.71 kB
dist/assets/AboutPage-TNPMeM-y.js                            4.89 kB │ gzip:  1.63 kB
dist/assets/PrivacyPage-aAARKGq_.js                          5.49 kB │ gzip:  2.19 kB
dist/assets/ProductCard-CTbvHyoE.js                          5.87 kB │ gzip:  2.16 kB
dist/assets/IdeaLandingPage-d8KPBbq-.js                      6.88 kB │ gzip:  2.62 kB
dist/assets/CustomerAccountPage-Di5TheIF.js                  7.21 kB │ gzip:  2.80 kB
dist/assets/ConversationForm-CnaG0W2U.js                     8.13 kB │ gzip:  2.91 kB
dist/assets/CustomerLoginPage-C4vlX-kp.js                    8.29 kB │ gzip:  3.13 kB
dist/assets/SharedSelectionPage-DBrpwqMb.js                  8.33 kB │ gzip:  2.95 kB
dist/assets/jsx-runtime-D3jfb0Ew.js                          8.90 kB │ gzip:  3.38 kB
dist/assets/CustomerQuotePage-DymCEm0M.js                   11.85 kB │ gzip:  4.00 kB
dist/assets/ProductPage-YZmxXN8P.js                         13.66 kB │ gzip:  4.72 kB
dist/assets/CatalogsPage-CDphz6dN.js                        17.30 kB │ gzip:  5.66 kB
dist/assets/QuotePage-CJ-gjG4z.js                           23.45 kB │ gzip:  6.87 kB
dist/assets/CatalogPage-DIc_AtbL.js                         26.64 kB │ gzip:  8.70 kB
dist/assets/HomePage-D2znoKwo.js                            27.02 kB │ gzip:  8.84 kB
dist/assets/createLucideIcon-CH0LFsa-.js                    43.16 kB │ gzip: 15.65 kB
dist/assets/CommemorativeDatesPage-B7aB89LW.js              46.39 kB │ gzip: 14.80 kB
dist/assets/gsap-806FECi5.js                                69.59 kB │ gzip: 27.30 kB
dist/assets/siteSupabase-BLE4dmGQ.js                       214.99 kB │ gzip: 55.25 kB
dist/assets/index-Bi1_OyU3.js                              282.02 kB │ gzip: 89.28 kB

✓ built in 326ms

> site-promo-brindes@1.0.0 check:performance-budget
> node scripts/check-performance-budget.mjs

Orçamento de assets aprovado: CSS 157.5 KiB / 24.5 KiB Brotli; JS 859.8 KiB / 242.6 KiB Brotli; entrada 275.4 KiB / 74.6 KiB Brotli.
